###############################################################################
#
# IAR ELF Linker V7.50.1.10123/W32 for ARM                10/May/2018  08:55:44
# Copyright 2007-2015 IAR Systems AB.
#
#    Output file  =  
#        F:\iar\001
#        backup\Micrium_uC-Eval-STM32F107_uCOS-III\Micrium\Software\EvalBoards\Micrium\uC-Eval-STM32F107\uCOS-III\IAR\Flash\Exe\OS.out
#    Map file     =  
#        F:\iar\001
#        backup\Micrium_uC-Eval-STM32F107_uCOS-III\Micrium\Software\EvalBoards\Micrium\uC-Eval-STM32F107\uCOS-III\IAR\Flash\List\OS.map
#    Command line =  
#        "F:\iar\001
#        backup\Micrium_uC-Eval-STM32F107_uCOS-III\Micrium\Software\EvalBoards\Micrium\uC-Eval-STM32F107\uCOS-III\IAR\Flash\Obj\app.o"
#        "F:\iar\001
#        backup\Micrium_uC-Eval-STM32F107_uCOS-III\Micrium\Software\EvalBoards\Micrium\uC-Eval-STM32F107\uCOS-III\IAR\Flash\Obj\bsp.o"
#        "F:\iar\001
#        backup\Micrium_uC-Eval-STM32F107_uCOS-III\Micrium\Software\EvalBoards\Micrium\uC-Eval-STM32F107\uCOS-III\IAR\Flash\Obj\bsp_i2c.o"
#        "F:\iar\001
#        backup\Micrium_uC-Eval-STM32F107_uCOS-III\Micrium\Software\EvalBoards\Micrium\uC-Eval-STM32F107\uCOS-III\IAR\Flash\Obj\bsp_int.o"
#        "F:\iar\001
#        backup\Micrium_uC-Eval-STM32F107_uCOS-III\Micrium\Software\EvalBoards\Micrium\uC-Eval-STM32F107\uCOS-III\IAR\Flash\Obj\bsp_os.o"
#        "F:\iar\001
#        backup\Micrium_uC-Eval-STM32F107_uCOS-III\Micrium\Software\EvalBoards\Micrium\uC-Eval-STM32F107\uCOS-III\IAR\Flash\Obj\bsp_periph.o"
#        "F:\iar\001
#        backup\Micrium_uC-Eval-STM32F107_uCOS-III\Micrium\Software\EvalBoards\Micrium\uC-Eval-STM32F107\uCOS-III\IAR\Flash\Obj\bsp_ser.o"
#        "F:\iar\001
#        backup\Micrium_uC-Eval-STM32F107_uCOS-III\Micrium\Software\EvalBoards\Micrium\uC-Eval-STM32F107\uCOS-III\IAR\Flash\Obj\bsp_stlm75.o"
#        "F:\iar\001
#        backup\Micrium_uC-Eval-STM32F107_uCOS-III\Micrium\Software\EvalBoards\Micrium\uC-Eval-STM32F107\uCOS-III\IAR\Flash\Obj\cpu_a.o"
#        "F:\iar\001
#        backup\Micrium_uC-Eval-STM32F107_uCOS-III\Micrium\Software\EvalBoards\Micrium\uC-Eval-STM32F107\uCOS-III\IAR\Flash\Obj\cpu_c.o"
#        "F:\iar\001
#        backup\Micrium_uC-Eval-STM32F107_uCOS-III\Micrium\Software\EvalBoards\Micrium\uC-Eval-STM32F107\uCOS-III\IAR\Flash\Obj\cpu_core.o"
#        "F:\iar\001
#        backup\Micrium_uC-Eval-STM32F107_uCOS-III\Micrium\Software\EvalBoards\Micrium\uC-Eval-STM32F107\uCOS-III\IAR\Flash\Obj\cstartup.o"
#        "F:\iar\001
#        backup\Micrium_uC-Eval-STM32F107_uCOS-III\Micrium\Software\EvalBoards\Micrium\uC-Eval-STM32F107\uCOS-III\IAR\Flash\Obj\lib_ascii.o"
#        "F:\iar\001
#        backup\Micrium_uC-Eval-STM32F107_uCOS-III\Micrium\Software\EvalBoards\Micrium\uC-Eval-STM32F107\uCOS-III\IAR\Flash\Obj\lib_math.o"
#        "F:\iar\001
#        backup\Micrium_uC-Eval-STM32F107_uCOS-III\Micrium\Software\EvalBoards\Micrium\uC-Eval-STM32F107\uCOS-III\IAR\Flash\Obj\lib_mem.o"
#        "F:\iar\001
#        backup\Micrium_uC-Eval-STM32F107_uCOS-III\Micrium\Software\EvalBoards\Micrium\uC-Eval-STM32F107\uCOS-III\IAR\Flash\Obj\lib_mem_a.o"
#        "F:\iar\001
#        backup\Micrium_uC-Eval-STM32F107_uCOS-III\Micrium\Software\EvalBoards\Micrium\uC-Eval-STM32F107\uCOS-III\IAR\Flash\Obj\lib_str.o"
#        "F:\iar\001
#        backup\Micrium_uC-Eval-STM32F107_uCOS-III\Micrium\Software\EvalBoards\Micrium\uC-Eval-STM32F107\uCOS-III\IAR\Flash\Obj\os_app_hooks.o"
#        "F:\iar\001
#        backup\Micrium_uC-Eval-STM32F107_uCOS-III\Micrium\Software\EvalBoards\Micrium\uC-Eval-STM32F107\uCOS-III\IAR\Flash\Obj\os_cfg_app.o"
#        "F:\iar\001
#        backup\Micrium_uC-Eval-STM32F107_uCOS-III\Micrium\Software\EvalBoards\Micrium\uC-Eval-STM32F107\uCOS-III\IAR\Flash\Obj\os_core.o"
#        "F:\iar\001
#        backup\Micrium_uC-Eval-STM32F107_uCOS-III\Micrium\Software\EvalBoards\Micrium\uC-Eval-STM32F107\uCOS-III\IAR\Flash\Obj\os_cpu_a.o"
#        "F:\iar\001
#        backup\Micrium_uC-Eval-STM32F107_uCOS-III\Micrium\Software\EvalBoards\Micrium\uC-Eval-STM32F107\uCOS-III\IAR\Flash\Obj\os_cpu_c.o"
#        "F:\iar\001
#        backup\Micrium_uC-Eval-STM32F107_uCOS-III\Micrium\Software\EvalBoards\Micrium\uC-Eval-STM32F107\uCOS-III\IAR\Flash\Obj\os_dbg.o"
#        "F:\iar\001
#        backup\Micrium_uC-Eval-STM32F107_uCOS-III\Micrium\Software\EvalBoards\Micrium\uC-Eval-STM32F107\uCOS-III\IAR\Flash\Obj\os_flag.o"
#        "F:\iar\001
#        backup\Micrium_uC-Eval-STM32F107_uCOS-III\Micrium\Software\EvalBoards\Micrium\uC-Eval-STM32F107\uCOS-III\IAR\Flash\Obj\os_int.o"
#        "F:\iar\001
#        backup\Micrium_uC-Eval-STM32F107_uCOS-III\Micrium\Software\EvalBoards\Micrium\uC-Eval-STM32F107\uCOS-III\IAR\Flash\Obj\os_mem.o"
#        "F:\iar\001
#        backup\Micrium_uC-Eval-STM32F107_uCOS-III\Micrium\Software\EvalBoards\Micrium\uC-Eval-STM32F107\uCOS-III\IAR\Flash\Obj\os_msg.o"
#        "F:\iar\001
#        backup\Micrium_uC-Eval-STM32F107_uCOS-III\Micrium\Software\EvalBoards\Micrium\uC-Eval-STM32F107\uCOS-III\IAR\Flash\Obj\os_mutex.o"
#        "F:\iar\001
#        backup\Micrium_uC-Eval-STM32F107_uCOS-III\Micrium\Software\EvalBoards\Micrium\uC-Eval-STM32F107\uCOS-III\IAR\Flash\Obj\os_pend_multi.o"
#        "F:\iar\001
#        backup\Micrium_uC-Eval-STM32F107_uCOS-III\Micrium\Software\EvalBoards\Micrium\uC-Eval-STM32F107\uCOS-III\IAR\Flash\Obj\os_prio.o"
#        "F:\iar\001
#        backup\Micrium_uC-Eval-STM32F107_uCOS-III\Micrium\Software\EvalBoards\Micrium\uC-Eval-STM32F107\uCOS-III\IAR\Flash\Obj\os_q.o"
#        "F:\iar\001
#        backup\Micrium_uC-Eval-STM32F107_uCOS-III\Micrium\Software\EvalBoards\Micrium\uC-Eval-STM32F107\uCOS-III\IAR\Flash\Obj\os_sem.o"
#        "F:\iar\001
#        backup\Micrium_uC-Eval-STM32F107_uCOS-III\Micrium\Software\EvalBoards\Micrium\uC-Eval-STM32F107\uCOS-III\IAR\Flash\Obj\os_stat.o"
#        "F:\iar\001
#        backup\Micrium_uC-Eval-STM32F107_uCOS-III\Micrium\Software\EvalBoards\Micrium\uC-Eval-STM32F107\uCOS-III\IAR\Flash\Obj\os_task.o"
#        "F:\iar\001
#        backup\Micrium_uC-Eval-STM32F107_uCOS-III\Micrium\Software\EvalBoards\Micrium\uC-Eval-STM32F107\uCOS-III\IAR\Flash\Obj\os_tick.o"
#        "F:\iar\001
#        backup\Micrium_uC-Eval-STM32F107_uCOS-III\Micrium\Software\EvalBoards\Micrium\uC-Eval-STM32F107\uCOS-III\IAR\Flash\Obj\os_time.o"
#        "F:\iar\001
#        backup\Micrium_uC-Eval-STM32F107_uCOS-III\Micrium\Software\EvalBoards\Micrium\uC-Eval-STM32F107\uCOS-III\IAR\Flash\Obj\os_tmr.o"
#        "F:\iar\001
#        backup\Micrium_uC-Eval-STM32F107_uCOS-III\Micrium\Software\EvalBoards\Micrium\uC-Eval-STM32F107\uCOS-III\IAR\Flash\Obj\os_var.o"
#        "F:\iar\001
#        backup\Micrium_uC-Eval-STM32F107_uCOS-III\Micrium\Software\EvalBoards\Micrium\uC-Eval-STM32F107\uCOS-III\IAR\Flash\Obj\stm32f10x_adc.o"
#        "F:\iar\001
#        backup\Micrium_uC-Eval-STM32F107_uCOS-III\Micrium\Software\EvalBoards\Micrium\uC-Eval-STM32F107\uCOS-III\IAR\Flash\Obj\stm32f10x_bkp.o"
#        "F:\iar\001
#        backup\Micrium_uC-Eval-STM32F107_uCOS-III\Micrium\Software\EvalBoards\Micrium\uC-Eval-STM32F107\uCOS-III\IAR\Flash\Obj\stm32f10x_can.o"
#        "F:\iar\001
#        backup\Micrium_uC-Eval-STM32F107_uCOS-III\Micrium\Software\EvalBoards\Micrium\uC-Eval-STM32F107\uCOS-III\IAR\Flash\Obj\stm32f10x_crc.o"
#        "F:\iar\001
#        backup\Micrium_uC-Eval-STM32F107_uCOS-III\Micrium\Software\EvalBoards\Micrium\uC-Eval-STM32F107\uCOS-III\IAR\Flash\Obj\stm32f10x_dac.o"
#        "F:\iar\001
#        backup\Micrium_uC-Eval-STM32F107_uCOS-III\Micrium\Software\EvalBoards\Micrium\uC-Eval-STM32F107\uCOS-III\IAR\Flash\Obj\stm32f10x_dbgmcu.o"
#        "F:\iar\001
#        backup\Micrium_uC-Eval-STM32F107_uCOS-III\Micrium\Software\EvalBoards\Micrium\uC-Eval-STM32F107\uCOS-III\IAR\Flash\Obj\stm32f10x_dma.o"
#        "F:\iar\001
#        backup\Micrium_uC-Eval-STM32F107_uCOS-III\Micrium\Software\EvalBoards\Micrium\uC-Eval-STM32F107\uCOS-III\IAR\Flash\Obj\stm32f10x_exti.o"
#        "F:\iar\001
#        backup\Micrium_uC-Eval-STM32F107_uCOS-III\Micrium\Software\EvalBoards\Micrium\uC-Eval-STM32F107\uCOS-III\IAR\Flash\Obj\stm32f10x_flash.o"
#        "F:\iar\001
#        backup\Micrium_uC-Eval-STM32F107_uCOS-III\Micrium\Software\EvalBoards\Micrium\uC-Eval-STM32F107\uCOS-III\IAR\Flash\Obj\stm32f10x_fsmc.o"
#        "F:\iar\001
#        backup\Micrium_uC-Eval-STM32F107_uCOS-III\Micrium\Software\EvalBoards\Micrium\uC-Eval-STM32F107\uCOS-III\IAR\Flash\Obj\stm32f10x_gpio.o"
#        "F:\iar\001
#        backup\Micrium_uC-Eval-STM32F107_uCOS-III\Micrium\Software\EvalBoards\Micrium\uC-Eval-STM32F107\uCOS-III\IAR\Flash\Obj\stm32f10x_i2c.o"
#        "F:\iar\001
#        backup\Micrium_uC-Eval-STM32F107_uCOS-III\Micrium\Software\EvalBoards\Micrium\uC-Eval-STM32F107\uCOS-III\IAR\Flash\Obj\stm32f10x_iwdg.o"
#        "F:\iar\001
#        backup\Micrium_uC-Eval-STM32F107_uCOS-III\Micrium\Software\EvalBoards\Micrium\uC-Eval-STM32F107\uCOS-III\IAR\Flash\Obj\stm32f10x_lib.o"
#        "F:\iar\001
#        backup\Micrium_uC-Eval-STM32F107_uCOS-III\Micrium\Software\EvalBoards\Micrium\uC-Eval-STM32F107\uCOS-III\IAR\Flash\Obj\stm32f10x_nvic.o"
#        "F:\iar\001
#        backup\Micrium_uC-Eval-STM32F107_uCOS-III\Micrium\Software\EvalBoards\Micrium\uC-Eval-STM32F107\uCOS-III\IAR\Flash\Obj\stm32f10x_pwr.o"
#        "F:\iar\001
#        backup\Micrium_uC-Eval-STM32F107_uCOS-III\Micrium\Software\EvalBoards\Micrium\uC-Eval-STM32F107\uCOS-III\IAR\Flash\Obj\stm32f10x_rcc.o"
#        "F:\iar\001
#        backup\Micrium_uC-Eval-STM32F107_uCOS-III\Micrium\Software\EvalBoards\Micrium\uC-Eval-STM32F107\uCOS-III\IAR\Flash\Obj\stm32f10x_rtc.o"
#        "F:\iar\001
#        backup\Micrium_uC-Eval-STM32F107_uCOS-III\Micrium\Software\EvalBoards\Micrium\uC-Eval-STM32F107\uCOS-III\IAR\Flash\Obj\stm32f10x_sdio.o"
#        "F:\iar\001
#        backup\Micrium_uC-Eval-STM32F107_uCOS-III\Micrium\Software\EvalBoards\Micrium\uC-Eval-STM32F107\uCOS-III\IAR\Flash\Obj\stm32f10x_spi.o"
#        "F:\iar\001
#        backup\Micrium_uC-Eval-STM32F107_uCOS-III\Micrium\Software\EvalBoards\Micrium\uC-Eval-STM32F107\uCOS-III\IAR\Flash\Obj\stm32f10x_systick.o"
#        "F:\iar\001
#        backup\Micrium_uC-Eval-STM32F107_uCOS-III\Micrium\Software\EvalBoards\Micrium\uC-Eval-STM32F107\uCOS-III\IAR\Flash\Obj\stm32f10x_tim.o"
#        "F:\iar\001
#        backup\Micrium_uC-Eval-STM32F107_uCOS-III\Micrium\Software\EvalBoards\Micrium\uC-Eval-STM32F107\uCOS-III\IAR\Flash\Obj\stm32f10x_usart.o"
#        "F:\iar\001
#        backup\Micrium_uC-Eval-STM32F107_uCOS-III\Micrium\Software\EvalBoards\Micrium\uC-Eval-STM32F107\uCOS-III\IAR\Flash\Obj\stm32f10x_wwdg.o"
#        --redirect _Printf=_PrintfFull --redirect _Scanf=_ScanfFull -o
#        "F:\iar\001
#        backup\Micrium_uC-Eval-STM32F107_uCOS-III\Micrium\Software\EvalBoards\Micrium\uC-Eval-STM32F107\uCOS-III\IAR\Flash\Exe\OS.out"
#        --map "F:\iar\001
#        backup\Micrium_uC-Eval-STM32F107_uCOS-III\Micrium\Software\EvalBoards\Micrium\uC-Eval-STM32F107\uCOS-III\IAR\Flash\List\OS.map"
#        --config "F:\iar\001
#        backup\Micrium_uC-Eval-STM32F107_uCOS-III\Micrium\Software\EvalBoards\Micrium\uC-Eval-STM32F107\uCOS-III\IAR\..\..\BSP\IAR\STM32_Flash.icf"
#        --semihosting --entry __iar_program_start --vfe
#
###############################################################################

*******************************************************************************
*** RUNTIME MODEL ATTRIBUTES
***

CppFlavor       = *
__SystemLibrary = DLib


*******************************************************************************
*** PLACEMENT SUMMARY
***

"A1":  place at 0x08000000 { ro section .intvec };
"P2":  place in [from 0x080000ec to 0x0803ffff] { ro };
"P3":  place in [from 0x20000000 to 0x2000ffff] { rw, block CSTACK, block HEAP };

  Section          Kind        Address    Size  Object
  -------          ----        -------    ----  ------
"A1":                                    0x150
  .intvec          const    0x08000000   0x150  cstartup.o [1]
                          - 0x08000150   0x150

"P2":                                   0x78bc
  .text            ro code  0x08000150  0x112c  os_task.o [1]
  .text            ro code  0x0800127c   0x244  os_cpu_c.o [1]
  .text            ro code  0x080014c0   0x208  os_msg.o [1]
  CODE             ro code  0x080016c8    0x34  cpu_a.o [1]
  .text            ro code  0x080016fc   0x1d8  cpu_core.o [1]
  .text            ro code  0x080018d4   0xbea  os_core.o [1]
  .text            ro code  0x080024be    0x1a  xsnprout.o [3]
  .text            ro code  0x080024d8    0xa0  os_prio.o [1]
  .text            ro code  0x08002578   0x584  os_tick.o [1]
  .text            ro code  0x08002afc   0x464  os_int.o [1]
  .text            ro code  0x08002f60   0x234  bsp.o [1]
  .text            ro code  0x08003194   0x3b4  os_time.o [1]
  .text            ro code  0x08003548    0xfc  lib_mem.o [1]
  .text            ro code  0x08003644   0x2ae  os_flag.o [1]
  .text            ro code  0x080038f2     0xe  cstartup.o [1]
  .text            ro code  0x08003900    0x1c  os_mem.o [1]
  .text            ro code  0x0800391c    0x1c  os_mutex.o [1]
  .text            ro code  0x08003938   0x178  os_q.o [1]
  .text            ro code  0x08003ab0   0x4b0  os_sem.o [1]
  .text            ro code  0x08003f60   0x678  os_stat.o [1]
  .text            ro code  0x080045d8   0x340  os_tmr.o [1]
  .text            ro code  0x08004918   0x23c  os_dbg.o [1]
  .text            ro code  0x08004b54    0xf8  os_cfg_app.o [1]
  CODE             ro code  0x08004c4c    0x84  os_cpu_a.o [1]
  .text            ro code  0x08004cd0   0x302  bsp_int.o [1]
  .rodata          const    0x08004fd2     0x2  os_cfg_app.o [1]
  .text            ro code  0x08004fd4   0x474  stm32f10x_rcc.o [1]
  .text            ro code  0x08005448    0x44  stm32f10x_flash.o [1]
  .text            ro code  0x0800548c   0x1c0  stm32f10x_gpio.o [1]
  .text            ro code  0x0800564c   0x14c  cpu_c.o [1]
  .text            ro code  0x08005798   0xdae  xprintffull.o [3]
  .rodata          const    0x08006546     0x2  os_cfg_app.o [1]
  .text            ro code  0x08006548    0x16  strchr.o [5]
  .rodata          const    0x0800655e     0x2  os_cfg_app.o [1]
  .text            ro code  0x08006560    0x36  strlen.o [5]
  .rodata          const    0x08006596     0x2  os_cfg_app.o [1]
  .text            ro code  0x08006598    0x58  memchr.o [5]
  .text            ro code  0x080065f0    0xee  I64DivMod.o [5]
  .rodata          const    0x080066de     0x2  os_dbg.o [1]
  .text            ro code  0x080066e0    0x76  ABImemcpy_unaligned.o [5]
  .text            ro code  0x08006756    0x42  xdnorm.o [4]
  .text            ro code  0x08006798    0x2e  DblCmpLe.o [4]
  .rodata          const    0x080067c6     0x2  os_dbg.o [1]
  .text            ro code  0x080067c8    0x2e  DblCmpGe.o [4]
  .rodata          const    0x080067f6     0x2  os_dbg.o [1]
  .text            ro code  0x080067f8   0x10c  xdscale.o [4]
  .text            ro code  0x08006904    0x58  DblToI32.o [4]
  .text            ro code  0x0800695c    0x30  I32ToDbl.o [4]
  .text            ro code  0x0800698c   0x180  DblSub.o [4]
  .text            ro code  0x08006b0c   0x1a2  DblMul.o [4]
  .rodata          const    0x08006cae     0x2  os_dbg.o [1]
  .text            ro code  0x08006cb0   0x256  DblDiv.o [4]
  .text            ro code  0x08006f06     0xe  div.o [3]
  .text            ro code  0x08006f14     0x2  I64DivZer.o [5]
  .rodata          const    0x08006f16     0x2  os_dbg.o [1]
  .text            ro code  0x08006f18    0xd4  DblAdd.o [4]
  .text            ro code  0x08006fec   0x23c  bsp_ser.o [1]
  .text            ro code  0x08007228    0xda  bsp_os.o [1]
  .rodata          const    0x08007302     0x2  os_dbg.o [1]
  .text            ro code  0x08007304    0x90  bsp_periph.o [1]
  .text            ro code  0x08007394   0x1a0  stm32f10x_usart.o [1]
  .text            ro code  0x08007534    0x3c  vsnprint.o [3]
  .text            ro code  0x08007570    0xd8  app.o [1]
  .text            ro code  0x08007648    0x40  zero_init3.o [5]
  .rodata          const    0x08007688    0x34  os_dbg.o [1]
  .rodata          const    0x080076bc    0x30  os_dbg.o [1]
  .rodata          const    0x080076ec    0x2c  os_dbg.o [1]
  .rodata          const    0x08007718    0x28  os_dbg.o [1]
  .rodata          const    0x08007740    0x28  os_dbg.o [1]
  .text            ro code  0x08007768    0x28  data_init.o [5]
  .rodata          const    0x08007790    0x24  app.o [1]
  .iar.init_table  const    0x080077b4    0x10  - Linker created -
  .rodata          const    0x080077c4    0x20  app.o [1]
  .rodata          const    0x080077e4    0x20  os_dbg.o [1]
  .rodata          const    0x08007804    0x1c  os_int.o [1]
  .text            ro code  0x08007820    0x1a  cmain.o [5]
  .text            ro code  0x0800783a     0x4  low_level_init.o [3]
  .text            ro code  0x0800783e     0x4  exit.o [3]
  .rodata          const    0x08007842     0x2  os_dbg.o [1]
  .text            ro code  0x08007844     0xa  cexit.o [5]
  .rodata          const    0x0800784e     0x2  os_dbg.o [1]
  .text            ro code  0x08007850    0x14  exit.o [6]
  .rodata          const    0x08007864    0x18  os_tmr.o [1]
  .rodata          const    0x0800787c    0x14  os_core.o [1]
  .rodata          const    0x08007890    0x14  os_stat.o [1]
  .rodata          const    0x080078a4    0x14  os_tick.o [1]
  .rodata          const    0x080078b8    0x10  app.o [1]
  .rodata          const    0x080078c8    0x10  bsp_ser.o [1]
  .rodata          const    0x080078d8    0x10  bsp_ser.o [1]
  .rodata          const    0x080078e8    0x10  stm32f10x_rcc.o [1]
  .rodata          const    0x080078f8     0xc  bsp_ser.o [1]
  .rodata          const    0x08007904     0xc  os_core.o [1]
  .text            ro code  0x08007910     0xc  cstartup_M.o [5]
  .rodata          const    0x0800791c     0x8  os_core.o [1]
  .rodata          const    0x08007924     0x8  os_task.o [1]
  .rodata          const    0x0800792c     0x4  os_cfg_app.o [1]
  .rodata          const    0x08007930     0x4  os_cfg_app.o [1]
  .rodata          const    0x08007934     0x4  os_cfg_app.o [1]
  .rodata          const    0x08007938     0x4  os_cfg_app.o [1]
  .rodata          const    0x0800793c     0x4  os_cfg_app.o [1]
  .rodata          const    0x08007940     0x4  os_cfg_app.o [1]
  .rodata          const    0x08007944     0x4  os_cfg_app.o [1]
  .rodata          const    0x08007948     0x4  os_cfg_app.o [1]
  .rodata          const    0x0800794c     0x4  os_cfg_app.o [1]
  .rodata          const    0x08007950     0x4  os_cfg_app.o [1]
  .rodata          const    0x08007954     0x4  os_cfg_app.o [1]
  .rodata          const    0x08007958     0x4  os_cfg_app.o [1]
  .rodata          const    0x0800795c     0x4  os_cfg_app.o [1]
  .rodata          const    0x08007960     0x4  os_cfg_app.o [1]
  .rodata          const    0x08007964     0x4  os_cfg_app.o [1]
  .rodata          const    0x08007968     0x4  os_cfg_app.o [1]
  .rodata          const    0x0800796c     0x4  os_cfg_app.o [1]
  .rodata          const    0x08007970     0x4  os_cfg_app.o [1]
  .rodata          const    0x08007974     0x4  os_cfg_app.o [1]
  .rodata          const    0x08007978     0x4  os_cfg_app.o [1]
  .rodata          const    0x0800797c     0x4  os_cfg_app.o [1]
  .rodata          const    0x08007980     0x4  os_cfg_app.o [1]
  .rodata          const    0x08007984     0x4  os_cfg_app.o [1]
  .rodata          const    0x08007988     0x4  os_cfg_app.o [1]
  .rodata          const    0x0800798c     0x4  os_cfg_app.o [1]
  .rodata          const    0x08007990     0x4  os_cfg_app.o [1]
  .rodata          const    0x08007994     0x4  os_cfg_app.o [1]
  .rodata          const    0x08007998     0x4  os_cfg_app.o [1]
  .rodata          const    0x0800799c     0x4  os_cfg_app.o [1]
  .rodata          const    0x080079a0     0x4  os_cfg_app.o [1]
  .rodata          const    0x080079a4     0x4  os_cfg_app.o [1]
  .rodata          const    0x080079a8     0x4  os_cfg_app.o [1]
  .rodata          const    0x080079ac     0x4  os_cfg_app.o [1]
  .rodata          const    0x080079b0     0x4  os_cfg_app.o [1]
  .rodata          const    0x080079b4     0x4  os_dbg.o [1]
  .rodata          const    0x080079b8     0x4  os_dbg.o [1]
  .rodata          const    0x080079bc     0x4  os_dbg.o [1]
  .rodata          const    0x080079c0     0x4  stm32f10x_rcc.o [1]
  .rodata          const    0x080079c4     0x2  os_dbg.o [1]
  .rodata          const    0x080079c6     0x2  os_dbg.o [1]
  .rodata          const    0x080079c8     0x2  os_dbg.o [1]
  .rodata          const    0x080079ca     0x2  os_dbg.o [1]
  .rodata          const    0x080079cc     0x2  os_dbg.o [1]
  .rodata          const    0x080079ce     0x2  os_dbg.o [1]
  .rodata          const    0x080079d0     0x2  os_dbg.o [1]
  .rodata          const    0x080079d2     0x2  os_dbg.o [1]
  .rodata          const    0x080079d4     0x2  os_dbg.o [1]
  .rodata          const    0x080079d6     0x2  os_dbg.o [1]
  .rodata          const    0x080079d8     0x2  os_dbg.o [1]
  .rodata          const    0x080079da     0x2  os_dbg.o [1]
  .rodata          const    0x080079dc     0x2  os_dbg.o [1]
  .rodata          const    0x080079de     0x2  os_dbg.o [1]
  .rodata          const    0x080079e0     0x2  os_dbg.o [1]
  .rodata          const    0x080079e2     0x1  os_cfg_app.o [1]
  .rodata          const    0x080079e3     0x1  os_cfg_app.o [1]
  .rodata          const    0x080079e4     0x1  os_cfg_app.o [1]
  .rodata          const    0x080079e5     0x1  os_dbg.o [1]
  .rodata          const    0x080079e6     0x1  os_dbg.o [1]
  .rodata          const    0x080079e7     0x1  os_dbg.o [1]
  .rodata          const    0x080079e8     0x1  os_dbg.o [1]
  .rodata          const    0x080079e9     0x1  os_dbg.o [1]
  .rodata          const    0x080079ea     0x1  os_dbg.o [1]
  .rodata          const    0x080079eb     0x1  os_dbg.o [1]
  .rodata          const    0x080079ec     0x1  os_dbg.o [1]
  .rodata          const    0x080079ed     0x1  os_dbg.o [1]
  .rodata          const    0x080079ee     0x1  os_dbg.o [1]
  .rodata          const    0x080079ef     0x1  os_dbg.o [1]
  .rodata          const    0x080079f0     0x1  os_dbg.o [1]
  .rodata          const    0x080079f1     0x1  os_dbg.o [1]
  .rodata          const    0x080079f2     0x1  os_dbg.o [1]
  .rodata          const    0x080079f3     0x1  os_dbg.o [1]
  .rodata          const    0x080079f4     0x1  os_dbg.o [1]
  .rodata          const    0x080079f5     0x1  os_dbg.o [1]
  .rodata          const    0x080079f6     0x1  os_dbg.o [1]
  .rodata          const    0x080079f7     0x1  os_dbg.o [1]
  .rodata          const    0x080079f8     0x1  os_dbg.o [1]
  .rodata          const    0x080079f9     0x1  os_dbg.o [1]
  .rodata          const    0x080079fa     0x1  os_dbg.o [1]
  .rodata          const    0x080079fb     0x1  os_dbg.o [1]
  .rodata          const    0x080079fc     0x1  os_dbg.o [1]
  .rodata          const    0x080079fd     0x1  os_dbg.o [1]
  .rodata          const    0x080079fe     0x1  os_dbg.o [1]
  .rodata          const    0x080079ff     0x1  os_dbg.o [1]
  .rodata          const    0x08007a00     0x1  os_dbg.o [1]
  .rodata          const    0x08007a01     0x1  os_dbg.o [1]
  .rodata          const    0x08007a02     0x1  os_dbg.o [1]
  .rodata          const    0x08007a03     0x1  os_dbg.o [1]
  .rodata          const    0x08007a04     0x1  os_dbg.o [1]
  .rodata          const    0x08007a05     0x1  os_dbg.o [1]
  .rodata          const    0x08007a06     0x1  os_dbg.o [1]
  .rodata          const    0x08007a07     0x1  os_dbg.o [1]
  .rodata          const    0x08007a08     0x1  os_dbg.o [1]
  .rodata          const    0x08007a09     0x1  os_dbg.o [1]
  .rodata          const    0x08007a0a     0x1  os_dbg.o [1]
  .rodata          const    0x08007a0b     0x1  os_dbg.o [1]
  .rodata          const    0x08007a0c     0x0  zero_init3.o [5]
                          - 0x08007a0c  0x78bc

"P3", part 1 of 2:                      0x8b8c
  .bss             zero     0x20000000  0x6c00  lib_mem.o [1]
  .bss             zero     0x20006c00   0x640  os_cfg_app.o [1]
  .bss             zero     0x20007240   0x200  app.o [1]
  .bss             zero     0x20007440   0x200  os_cfg_app.o [1]
  .bss             zero     0x20007640   0x200  os_cfg_app.o [1]
  .bss             zero     0x20007840   0x200  os_cfg_app.o [1]
  .bss             zero     0x20007a40   0x200  os_cfg_app.o [1]
  .bss             zero     0x20007c40   0x200  os_cfg_app.o [1]
  .bss             zero     0x20007e40   0x200  os_cfg_app.o [1]
  .bss             zero     0x20008040   0x180  os_var.o [1]
  .bss             zero     0x200081c0   0x140  os_cfg_app.o [1]
  .bss             zero     0x20008300   0x110  bsp_int.o [1]
  .bss             zero     0x20008410    0xc8  app.o [1]
  .bss             zero     0x200084d8    0xc8  os_var.o [1]
  .bss             zero     0x200085a0    0xc8  os_var.o [1]
  .bss             zero     0x20008668    0xc8  os_var.o [1]
  .bss             zero     0x20008730    0xc8  os_var.o [1]
  .bss             zero     0x200087f8    0xc8  os_var.o [1]
  .bss             zero     0x200088c0    0x88  os_cfg_app.o [1]
  .bss             zero     0x20008948    0x88  os_cfg_app.o [1]
  .bss             zero     0x200089d0    0x48  lib_mem.o [1]
  .bss             zero     0x20008a18    0x28  bsp_ser.o [1]
  .bss             zero     0x20008a40    0x28  bsp_ser.o [1]
  .bss             zero     0x20008a68    0x28  bsp_ser.o [1]
  .bss             zero     0x20008a90    0x10  cpu_core.o [1]
  .bss             zero     0x20008aa0     0xc  os_var.o [1]
  .bss             zero     0x20008aac     0x4  bsp.o [1]
  .bss             zero     0x20008ab0     0x4  cpu_core.o [1]
  .bss             zero     0x20008ab4     0x4  cpu_core.o [1]
  .bss             zero     0x20008ab8     0x4  cpu_core.o [1]
  .bss             zero     0x20008abc     0x4  cpu_core.o [1]
  .bss             zero     0x20008ac0     0x4  cpu_core.o [1]
  .bss             zero     0x20008ac4     0x4  cpu_core.o [1]
  .bss             zero     0x20008ac8     0x4  lib_mem.o [1]
  .bss             zero     0x20008acc     0x4  os_cpu_c.o [1]
  .bss             zero     0x20008ad0     0x4  os_prio.o [1]
  .bss             zero     0x20008ad4     0x4  os_var.o [1]
  .bss             zero     0x20008ad8     0x4  os_var.o [1]
  .bss             zero     0x20008adc     0x4  os_var.o [1]
  .bss             zero     0x20008ae0     0x4  os_var.o [1]
  .bss             zero     0x20008ae4     0x4  os_var.o [1]
  .bss             zero     0x20008ae8     0x4  os_var.o [1]
  .bss             zero     0x20008aec     0x4  os_var.o [1]
  .bss             zero     0x20008af0     0x4  os_var.o [1]
  .bss             zero     0x20008af4     0x4  os_var.o [1]
  .bss             zero     0x20008af8     0x4  os_var.o [1]
  .bss             zero     0x20008afc     0x4  os_var.o [1]
  .bss             zero     0x20008b00     0x4  os_var.o [1]
  .bss             zero     0x20008b04     0x4  os_var.o [1]
  .bss             zero     0x20008b08     0x4  os_var.o [1]
  .bss             zero     0x20008b0c     0x4  os_var.o [1]
  .bss             zero     0x20008b10     0x4  os_var.o [1]
  .bss             zero     0x20008b14     0x4  os_var.o [1]
  .bss             zero     0x20008b18     0x4  os_var.o [1]
  .bss             zero     0x20008b1c     0x4  os_var.o [1]
  .bss             zero     0x20008b20     0x4  os_var.o [1]
  .bss             zero     0x20008b24     0x4  os_var.o [1]
  .bss             zero     0x20008b28     0x4  os_var.o [1]
  .bss             zero     0x20008b2c     0x4  os_var.o [1]
  .bss             zero     0x20008b30     0x4  os_var.o [1]
  .bss             zero     0x20008b34     0x4  os_var.o [1]
  .bss             zero     0x20008b38     0x4  os_var.o [1]
  .bss             zero     0x20008b3c     0x4  os_var.o [1]
  .bss             zero     0x20008b40     0x4  os_var.o [1]
  .bss             zero     0x20008b44     0x4  os_var.o [1]
  .bss             zero     0x20008b48     0x4  os_var.o [1]
  .bss             zero     0x20008b4c     0x4  os_var.o [1]
  .bss             zero     0x20008b50     0x4  os_var.o [1]
  .bss             zero     0x20008b54     0x4  os_var.o [1]
  .bss             zero     0x20008b58     0x4  os_var.o [1]
  .bss             zero     0x20008b5c     0x4  os_var.o [1]
  .bss             zero     0x20008b60     0x4  os_var.o [1]
  .bss             zero     0x20008b64     0x2  cpu_core.o [1]
  .bss             zero     0x20008b66     0x2  cpu_core.o [1]
  .bss             zero     0x20008b68     0x2  os_var.o [1]
  .bss             zero     0x20008b6a     0x2  os_var.o [1]
  .bss             zero     0x20008b6c     0x2  os_var.o [1]
  .bss             zero     0x20008b6e     0x2  os_var.o [1]
  .bss             zero     0x20008b70     0x2  os_var.o [1]
  .bss             zero     0x20008b72     0x2  os_var.o [1]
  .bss             zero     0x20008b74     0x2  os_var.o [1]
  .bss             zero     0x20008b76     0x2  os_var.o [1]
  .bss             zero     0x20008b78     0x2  os_var.o [1]
  .bss             zero     0x20008b7a     0x2  os_var.o [1]
  .bss             zero     0x20008b7c     0x2  os_var.o [1]
  .bss             zero     0x20008b7e     0x1  bsp_ser.o [1]
  .bss             zero     0x20008b7f     0x1  os_var.o [1]
  .bss             zero     0x20008b80     0x1  os_var.o [1]
  .bss             zero     0x20008b81     0x1  os_var.o [1]
  .bss             zero     0x20008b82     0x1  os_var.o [1]
  .bss             zero     0x20008b83     0x1  os_var.o [1]
  .bss             zero     0x20008b84     0x1  os_var.o [1]
  .bss             zero     0x20008b85     0x1  os_var.o [1]
  .bss             zero     0x20008b86     0x1  os_var.o [1]
  .bss             zero     0x20008b87     0x1  os_var.o [1]
  .bss             zero     0x20008b88     0x1  os_var.o [1]
                          - 0x20008b89  0x8b89

"P3", part 2 of 2:                       0x200
  CSTACK                    0x20008b90   0x200  <Block>
    CSTACK         uninit   0x20008b90   0x200  <Block tail>
                          - 0x20008d90   0x200


*******************************************************************************
*** INIT TABLE
***

          Address     Size
          -------     ----
Zero (__iar_zero_init3)
    1 destination range, total size 0x8b89:
          0x20000000  0x8b89



*******************************************************************************
*** MODULE SUMMARY
***

    Module                 ro code  ro data  rw data
    ------                 -------  -------  -------
F:\iar\001 backup\Micrium_uC-Eval-STM32F107_uCOS-III\Micrium\Software\EvalBoards\Micrium\uC-Eval-STM32F107\uCOS-III\IAR\Flash\Obj: [1]
    app.o                      216       84      712
    bsp.o                      564                 4
    bsp_int.o                  770               272
    bsp_os.o                   218
    bsp_periph.o               144
    bsp_ser.o                  572       44      121
    cpu_a.o                     52
    cpu_c.o                    332
    cpu_core.o                 472                44
    cstartup.o                  14      336
    lib_mem.o                  252            27 724
    os_cfg_app.o               248      147    5 264
    os_core.o                3 050       40
    os_cpu_a.o                 132
    os_cpu_c.o                 580                 4
    os_dbg.o                   572      353
    os_flag.o                  686
    os_int.o                 1 124       28
    os_mem.o                    28
    os_msg.o                   520
    os_mutex.o                  28
    os_prio.o                  160                 4
    os_q.o                     376
    os_sem.o                 1 200
    os_stat.o                1 656       20
    os_task.o                4 396        8
    os_tick.o                1 412       20
    os_time.o                  948
    os_tmr.o                   832       24
    os_var.o                                   1 572
    stm32f10x_flash.o           68
    stm32f10x_gpio.o           448
    stm32f10x_rcc.o          1 140       20
    stm32f10x_usart.o          416
    ------------------------------------------------
    Total:                  23 626    1 124   35 721

command line: [2]
    ------------------------------------------------
    Total:

dl7M_tln.a: [3]
    div.o                       14
    exit.o                       4
    low_level_init.o             4
    vsnprint.o                  60
    xprintffull.o            3 502
    xsnprout.o                  26
    ------------------------------------------------
    Total:                   3 610

m7M_tl.a: [4]
    DblAdd.o                   212
    DblCmpGe.o                  46
    DblCmpLe.o                  46
    DblDiv.o                   598
    DblMul.o                   418
    DblSub.o                   384
    DblToI32.o                  88
    I32ToDbl.o                  48
    xdnorm.o                    66
    xdscale.o                  268
    ------------------------------------------------
    Total:                   2 174

rt7M_tl.a: [5]
    ABImemcpy_unaligned.o      118
    I64DivMod.o                238
    I64DivZer.o                  2
    cexit.o                     10
    cmain.o                     26
    cstartup_M.o                12
    data_init.o                 40
    memchr.o                    88
    strchr.o                    22
    strlen.o                    54
    zero_init3.o                64
    ------------------------------------------------
    Total:                     674

shb_l.a: [6]
    exit.o                      20
    ------------------------------------------------
    Total:                      20

    Linker created                       16      512
----------------------------------------------------
    Grand Total:            30 104    1 140   36 233


*******************************************************************************
*** ENTRY LIST
***

Entry                      Address    Size  Type      Object
-----                      -------    ----  ----      ------
.iar.init_table$$Base   0x080077b4           --   Gb  - Linker created -
.iar.init_table$$Limit  0x080077c4           --   Gb  - Linker created -
?main                   0x08007821          Code  Gb  cmain.o [5]
ADCPrescTable           0x080079c0     0x4  Data  Lc  stm32f10x_rcc.o [1]
APBAHBPrescTable        0x080078e8    0x10  Data  Lc  stm32f10x_rcc.o [1]
AppObjCreate            0x08007647     0x2  Code  Lc  app.o [1]
AppTaskCreate           0x08007645     0x2  Code  Lc  app.o [1]
AppTaskStart            0x080075bd    0x70  Code  Lc  app.o [1]
AppTaskStartStk         0x20007240   0x200  Data  Lc  app.o [1]
AppTaskStartTCB         0x20008410    0xc8  Data  Lc  app.o [1]
App_BusFault_ISR        0x080038f7     0x2  Code  Lc  cstartup.o [1]
App_Fault_ISR           0x080038f5     0x2  Code  Lc  cstartup.o [1]
App_MemFault_ISR        0x080038fb     0x2  Code  Lc  cstartup.o [1]
App_NMI_ISR             0x080038f3     0x2  Code  Lc  cstartup.o [1]
App_Reserved_ISR        0x080038ff     0x2  Code  Lc  cstartup.o [1]
App_Spurious_ISR        0x080038fd     0x2  Code  Lc  cstartup.o [1]
App_UsageFault_ISR      0x080038f9     0x2  Code  Lc  cstartup.o [1]
BSP_CPU_ClkFreq         0x0800302f    0x10  Code  Gb  bsp.o [1]
BSP_CPU_ClkFreq_MHz     0x20008aac     0x4  Data  Gb  bsp.o [1]
BSP_Init                0x08002f61    0xce  Code  Gb  bsp.o [1]
BSP_IntDisAll           0x08004cd1     0x8  Code  Gb  bsp_int.o [1]
BSP_IntEn               0x08004cd9    0x14  Code  Gb  bsp_int.o [1]
BSP_IntHandler          0x08004f91    0x38  Code  Lc  bsp_int.o [1]
BSP_IntHandlerADC1_2    0x08004de3     0xa  Code  Gb  bsp_int.o [1]
BSP_IntHandlerCAN1_RX0  0x08004df7     0xa  Code  Gb  bsp_int.o [1]
BSP_IntHandlerCAN1_RX1  0x08004e01     0xa  Code  Gb  bsp_int.o [1]
BSP_IntHandlerCAN1_SCE  0x08004e0b     0xa  Code  Gb  bsp_int.o [1]
BSP_IntHandlerCAN1_TX   0x08004ded     0xa  Code  Gb  bsp_int.o [1]
BSP_IntHandlerCAN2_RX0  0x08004f69     0xa  Code  Gb  bsp_int.o [1]
BSP_IntHandlerCAN2_RX1  0x08004f73     0xa  Code  Gb  bsp_int.o [1]
BSP_IntHandlerCAN2_SCE  0x08004f7d     0xa  Code  Gb  bsp_int.o [1]
BSP_IntHandlerCAN2_TX   0x08004f5f     0xa  Code  Gb  bsp_int.o [1]
BSP_IntHandlerDMA1_CH1  0x08004d9d     0xa  Code  Gb  bsp_int.o [1]
BSP_IntHandlerDMA1_CH2  0x08004da7     0xa  Code  Gb  bsp_int.o [1]
BSP_IntHandlerDMA1_CH3  0x08004db1     0xa  Code  Gb  bsp_int.o [1]
BSP_IntHandlerDMA1_CH4  0x08004dbb     0xa  Code  Gb  bsp_int.o [1]
BSP_IntHandlerDMA1_CH5  0x08004dc5     0xa  Code  Gb  bsp_int.o [1]
BSP_IntHandlerDMA1_CH6  0x08004dcf     0xa  Code  Gb  bsp_int.o [1]
BSP_IntHandlerDMA1_CH7  0x08004dd9     0xa  Code  Gb  bsp_int.o [1]
BSP_IntHandlerDMA2_CH1  0x08004f19     0xa  Code  Gb  bsp_int.o [1]
BSP_IntHandlerDMA2_CH2  0x08004f23     0xa  Code  Gb  bsp_int.o [1]
BSP_IntHandlerDMA2_CH3  0x08004f2d     0xa  Code  Gb  bsp_int.o [1]
BSP_IntHandlerDMA2_CH4  0x08004f37     0xa  Code  Gb  bsp_int.o [1]
BSP_IntHandlerDMA2_CH5  0x08004f41     0xa  Code  Gb  bsp_int.o [1]
BSP_IntHandlerDummy     0x08004fd1     0x2  Code  Lc  bsp_int.o [1]
BSP_IntHandlerETH       0x08004f4b     0xa  Code  Gb  bsp_int.o [1]
BSP_IntHandlerETHWakeup
                        0x08004f55     0xa  Code  Gb  bsp_int.o [1]
BSP_IntHandlerEXTI0     0x08004d6b     0xa  Code  Gb  bsp_int.o [1]
BSP_IntHandlerEXTI1     0x08004d75     0xa  Code  Gb  bsp_int.o [1]
BSP_IntHandlerEXTI15_10
                        0x08004ebf     0xa  Code  Gb  bsp_int.o [1]
BSP_IntHandlerEXTI2     0x08004d7f     0xa  Code  Gb  bsp_int.o [1]
BSP_IntHandlerEXTI3     0x08004d89     0xa  Code  Gb  bsp_int.o [1]
BSP_IntHandlerEXTI4     0x08004d93     0xa  Code  Gb  bsp_int.o [1]
BSP_IntHandlerEXTI9_5   0x08004e15     0xa  Code  Gb  bsp_int.o [1]
BSP_IntHandlerFLASH     0x08004d57     0xa  Code  Gb  bsp_int.o [1]
BSP_IntHandlerI2C1_ER   0x08004e6f     0xa  Code  Gb  bsp_int.o [1]
BSP_IntHandlerI2C1_EV   0x08004e65     0xa  Code  Gb  bsp_int.o [1]
BSP_IntHandlerI2C2_ER   0x08004e83     0xa  Code  Gb  bsp_int.o [1]
BSP_IntHandlerI2C2_EV   0x08004e79     0xa  Code  Gb  bsp_int.o [1]
BSP_IntHandlerOTG       0x08004f87     0xa  Code  Gb  bsp_int.o [1]
BSP_IntHandlerPVD       0x08004d39     0xa  Code  Gb  bsp_int.o [1]
BSP_IntHandlerRCC       0x08004d61     0xa  Code  Gb  bsp_int.o [1]
BSP_IntHandlerRTC       0x08004d4d     0xa  Code  Gb  bsp_int.o [1]
BSP_IntHandlerRTCAlarm  0x08004ec9     0xa  Code  Gb  bsp_int.o [1]
BSP_IntHandlerSPI1      0x08004e8d     0xa  Code  Gb  bsp_int.o [1]
BSP_IntHandlerSPI2      0x08004e97     0xa  Code  Gb  bsp_int.o [1]
BSP_IntHandlerSPI3      0x08004ee7     0xa  Code  Gb  bsp_int.o [1]
BSP_IntHandlerTAMPER    0x08004d43     0xa  Code  Gb  bsp_int.o [1]
BSP_IntHandlerTIM1_BRK  0x08004e1f     0xa  Code  Gb  bsp_int.o [1]
BSP_IntHandlerTIM1_CC   0x08004e3d     0xa  Code  Gb  bsp_int.o [1]
BSP_IntHandlerTIM1_TRG_COM
                        0x08004e33     0xa  Code  Gb  bsp_int.o [1]
BSP_IntHandlerTIM1_UP   0x08004e29     0xa  Code  Gb  bsp_int.o [1]
BSP_IntHandlerTIM2      0x08004e47     0xa  Code  Gb  bsp_int.o [1]
BSP_IntHandlerTIM3      0x08004e51     0xa  Code  Gb  bsp_int.o [1]
BSP_IntHandlerTIM4      0x08004e5b     0xa  Code  Gb  bsp_int.o [1]
BSP_IntHandlerTIM5      0x08004edd     0xa  Code  Gb  bsp_int.o [1]
BSP_IntHandlerTIM6      0x08004f05     0xa  Code  Gb  bsp_int.o [1]
BSP_IntHandlerTIM7      0x08004f0f     0xa  Code  Gb  bsp_int.o [1]
BSP_IntHandlerUSART1    0x08004ea1     0xa  Code  Gb  bsp_int.o [1]
BSP_IntHandlerUSART2    0x08004eab     0xa  Code  Gb  bsp_int.o [1]
BSP_IntHandlerUSART3    0x08004eb5     0xa  Code  Gb  bsp_int.o [1]
BSP_IntHandlerUSART4    0x08004ef1     0xa  Code  Gb  bsp_int.o [1]
BSP_IntHandlerUSART5    0x08004efb     0xa  Code  Gb  bsp_int.o [1]
BSP_IntHandlerUSBWakeUp
                        0x08004ed3     0xa  Code  Gb  bsp_int.o [1]
BSP_IntHandlerWWDG      0x08004d2f     0xa  Code  Gb  bsp_int.o [1]
BSP_IntInit             0x08004d15    0x1a  Code  Gb  bsp_int.o [1]
BSP_IntVectSet          0x08004ced    0x28  Code  Gb  bsp_int.o [1]
BSP_IntVectTbl          0x20008300   0x110  Data  Lc  bsp_int.o [1]
BSP_LED_Init            0x0800303f    0x28  Code  Lc  bsp.o [1]
BSP_LED_Off             0x08003067    0x48  Code  Gb  bsp.o [1]
BSP_LED_Toggle          0x080030af    0x76  Code  Gb  bsp.o [1]
BSP_OS_SemCreate        0x08007229    0x26  Code  Gb  bsp_os.o [1]
BSP_OS_SemPost          0x0800728d    0x20  Code  Gb  bsp_os.o [1]
BSP_OS_SemWait          0x0800724f    0x38  Code  Gb  bsp_os.o [1]
BSP_OS_TimeDlyMs        0x080072ad    0x56  Code  Gb  bsp_os.o [1]
BSP_PeriphEn            0x08007305    0x84  Code  Gb  bsp_periph.o [1]
BSP_SerLock             0x20008a68    0x28  Data  Lc  bsp_ser.o [1]
BSP_SerRxData           0x20008b7e     0x1  Data  Lc  bsp_ser.o [1]
BSP_SerRxWait           0x20008a40    0x28  Data  Lc  bsp_ser.o [1]
BSP_SerTxWait           0x20008a18    0x28  Data  Lc  bsp_ser.o [1]
BSP_Ser_ISR_Handler     0x0800710d    0x5a  Code  Lc  bsp_ser.o [1]
BSP_Ser_Init            0x08006fed   0x120  Code  Gb  bsp_ser.o [1]
BSP_Ser_Printf          0x08007167    0x26  Code  Gb  bsp_ser.o [1]
BSP_Ser_WrByteUnlocked  0x0800718d    0x32  Code  Lc  bsp_ser.o [1]
BSP_Ser_WrStr           0x080071bf    0x46  Code  Gb  bsp_ser.o [1]
BSP_StatusInit          0x08003125    0x1e  Code  Lc  bsp.o [1]
CPU_CntLeadZeros        0x080016e7          Code  Gb  cpu_a.o [1]
CPU_CntTrailZeros       0x080016ed          Code  Gb  cpu_a.o [1]
CPU_Init                0x080016fd    0x10  Code  Gb  cpu_core.o [1]
CPU_IntDis              0x080016c9          Code  Gb  cpu_a.o [1]
CPU_IntDisMeasCtr       0x20008b64     0x2  Data  Gb  cpu_core.o [1]
CPU_IntDisMeasInit      0x0800181d    0x78  Code  Lc  cpu_core.o [1]
CPU_IntDisMeasMaxCalc   0x08001895    0x1a  Code  Lc  cpu_core.o [1]
CPU_IntDisMeasMaxCurGet
                        0x08001759    0x22  Code  Gb  cpu_core.o [1]
CPU_IntDisMeasMaxCurReset
                        0x08001739    0x20  Code  Gb  cpu_core.o [1]
CPU_IntDisMeasMaxCur_cnts
                        0x20008ac0     0x4  Data  Gb  cpu_core.o [1]
CPU_IntDisMeasMaxGet    0x0800177b    0x22  Code  Gb  cpu_core.o [1]
CPU_IntDisMeasMax_cnts  0x20008ac4     0x4  Data  Gb  cpu_core.o [1]
CPU_IntDisMeasOvrhd_cnts
                        0x20008abc     0x4  Data  Gb  cpu_core.o [1]
CPU_IntDisMeasStart     0x0800179d    0x28  Code  Gb  cpu_core.o [1]
CPU_IntDisMeasStart_cnts
                        0x20008ab4     0x4  Data  Gb  cpu_core.o [1]
CPU_IntDisMeasStop      0x080017c5    0x42  Code  Gb  cpu_core.o [1]
CPU_IntDisMeasStop_cnts
                        0x20008ab8     0x4  Data  Gb  cpu_core.o [1]
CPU_IntDisNestCtr       0x20008b66     0x2  Data  Gb  cpu_core.o [1]
CPU_IntEn               0x080016cd          Code  Gb  cpu_a.o [1]
CPU_IntSrcEn            0x0800564d   0x13c  Code  Gb  cpu_c.o [1]
CPU_Name                0x20008a90    0x10  Data  Gb  cpu_core.o [1]
CPU_NameClr             0x0800170d    0x24  Code  Gb  cpu_core.o [1]
CPU_NameInit            0x08001807     0x8  Code  Lc  cpu_core.o [1]
CPU_RevBits             0x080016f7          Code  Gb  cpu_a.o [1]
CPU_SR_Restore          0x080016d9          Code  Gb  cpu_a.o [1]
CPU_SR_Save             0x080016d1          Code  Gb  cpu_a.o [1]
CPU_TS_Init             0x0800180f     0xe  Code  Lc  cpu_core.o [1]
CPU_TS_TmrFreqSet       0x08001731     0x8  Code  Gb  cpu_core.o [1]
CPU_TS_TmrFreq_Hz       0x20008ab0     0x4  Data  Gb  cpu_core.o [1]
CPU_TS_TmrInit          0x08003143    0x2e  Code  Gb  bsp.o [1]
CPU_TS_TmrRd            0x08003171     0x6  Code  Gb  bsp.o [1]
CPU_WaitForExcept       0x080016e3          Code  Gb  cpu_a.o [1]
CPU_WaitForInt          0x080016df          Code  Gb  cpu_a.o [1]
CSTACK$$Base            0x20008b90           --   Gb  - Linker created -
CSTACK$$Limit           0x20008d90           --   Gb  - Linker created -
FLASH_PrefetchBufferCmd
                        0x08005469    0x20  Code  Gb  stm32f10x_flash.o [1]
FLASH_SetLatency        0x08005449    0x20  Code  Gb  stm32f10x_flash.o [1]
GPIO_Init               0x0800548d   0x136  Code  Gb  stm32f10x_gpio.o [1]
GPIO_PinRemapConfig     0x080055d5    0x72  Code  Gb  stm32f10x_gpio.o [1]
GPIO_ReadOutputData     0x080055c3     0x6  Code  Gb  stm32f10x_gpio.o [1]
GPIO_ResetBits          0x080055cf     0x6  Code  Gb  stm32f10x_gpio.o [1]
GPIO_SetBits            0x080055c9     0x6  Code  Gb  stm32f10x_gpio.o [1]
LoadInt                 0x08005d25    0x6e  Code  Lc  xprintffull.o [3]
Mem_Clr                 0x080035a7    0x12  Code  Gb  lib_mem.o [1]
Mem_Heap                0x20000000  0x6c00  Data  Gb  lib_mem.o [1]
Mem_Init                0x08003549    0x5e  Code  Gb  lib_mem.o [1]
Mem_PoolHeap            0x200089d0    0x48  Data  Gb  lib_mem.o [1]
Mem_PoolTbl             0x20008ac8     0x4  Data  Gb  lib_mem.o [1]
Mem_Set                 0x080035b9    0x7c  Code  Gb  lib_mem.o [1]
OSCfg_DataSizeRAM       0x080079b0     0x4  Data  Gb  os_cfg_app.o [1]
OSCfg_ISRStk            0x20007840   0x200  Data  Gb  os_cfg_app.o [1]
OSCfg_ISRStkBasePtr     0x08007954     0x4  Data  Gb  os_cfg_app.o [1]
OSCfg_ISRStkSize        0x08007958     0x4  Data  Gb  os_cfg_app.o [1]
OSCfg_ISRStkSizeRAM     0x0800795c     0x4  Data  Gb  os_cfg_app.o [1]
OSCfg_IdleTaskStk       0x20007440   0x200  Data  Gb  os_cfg_app.o [1]
OSCfg_IdleTaskStkBasePtr
                        0x0800792c     0x4  Data  Gb  os_cfg_app.o [1]
OSCfg_IdleTaskStkLimit  0x08007930     0x4  Data  Gb  os_cfg_app.o [1]
OSCfg_IdleTaskStkSize   0x08007934     0x4  Data  Gb  os_cfg_app.o [1]
OSCfg_IdleTaskStkSizeRAM
                        0x08007938     0x4  Data  Gb  os_cfg_app.o [1]
OSCfg_Init              0x08004b55    0xf8  Code  Gb  os_cfg_app.o [1]
OSCfg_IntQ              0x200081c0   0x140  Data  Gb  os_cfg_app.o [1]
OSCfg_IntQBasePtr       0x0800793c     0x4  Data  Gb  os_cfg_app.o [1]
OSCfg_IntQSize          0x08004fd2     0x2  Data  Gb  os_cfg_app.o [1]
OSCfg_IntQSizeRAM       0x08007940     0x4  Data  Gb  os_cfg_app.o [1]
OSCfg_IntQTaskStk       0x20007640   0x200  Data  Gb  os_cfg_app.o [1]
OSCfg_IntQTaskStkBasePtr
                        0x08007944     0x4  Data  Gb  os_cfg_app.o [1]
OSCfg_IntQTaskStkLimit  0x08007948     0x4  Data  Gb  os_cfg_app.o [1]
OSCfg_IntQTaskStkSize   0x0800794c     0x4  Data  Gb  os_cfg_app.o [1]
OSCfg_IntQTaskStkSizeRAM
                        0x08007950     0x4  Data  Gb  os_cfg_app.o [1]
OSCfg_MsgPool           0x20006c00   0x640  Data  Gb  os_cfg_app.o [1]
OSCfg_MsgPoolBasePtr    0x08007964     0x4  Data  Gb  os_cfg_app.o [1]
OSCfg_MsgPoolSize       0x08006546     0x2  Data  Gb  os_cfg_app.o [1]
OSCfg_MsgPoolSizeRAM    0x08007960     0x4  Data  Gb  os_cfg_app.o [1]
OSCfg_StatTaskPrio      0x080079e2     0x1  Data  Gb  os_cfg_app.o [1]
OSCfg_StatTaskRate_Hz   0x08007968     0x4  Data  Gb  os_cfg_app.o [1]
OSCfg_StatTaskStk       0x20007a40   0x200  Data  Gb  os_cfg_app.o [1]
OSCfg_StatTaskStkBasePtr
                        0x0800796c     0x4  Data  Gb  os_cfg_app.o [1]
OSCfg_StatTaskStkLimit  0x08007970     0x4  Data  Gb  os_cfg_app.o [1]
OSCfg_StatTaskStkSize   0x08007974     0x4  Data  Gb  os_cfg_app.o [1]
OSCfg_StatTaskStkSizeRAM
                        0x08007978     0x4  Data  Gb  os_cfg_app.o [1]
OSCfg_StkSizeMin        0x0800797c     0x4  Data  Gb  os_cfg_app.o [1]
OSCfg_TickRate_Hz       0x08007980     0x4  Data  Gb  os_cfg_app.o [1]
OSCfg_TickTaskPrio      0x080079e3     0x1  Data  Gb  os_cfg_app.o [1]
OSCfg_TickTaskStk       0x20007c40   0x200  Data  Gb  os_cfg_app.o [1]
OSCfg_TickTaskStkBasePtr
                        0x08007984     0x4  Data  Gb  os_cfg_app.o [1]
OSCfg_TickTaskStkLimit  0x08007988     0x4  Data  Gb  os_cfg_app.o [1]
OSCfg_TickTaskStkSize   0x0800798c     0x4  Data  Gb  os_cfg_app.o [1]
OSCfg_TickTaskStkSizeRAM
                        0x08007990     0x4  Data  Gb  os_cfg_app.o [1]
OSCfg_TickWheel         0x200088c0    0x88  Data  Gb  os_cfg_app.o [1]
OSCfg_TickWheelSize     0x0800655e     0x2  Data  Gb  os_cfg_app.o [1]
OSCfg_TickWheelSizeRAM  0x08007994     0x4  Data  Gb  os_cfg_app.o [1]
OSCfg_TmrTaskPrio       0x080079e4     0x1  Data  Gb  os_cfg_app.o [1]
OSCfg_TmrTaskRate_Hz    0x08007998     0x4  Data  Gb  os_cfg_app.o [1]
OSCfg_TmrTaskStk        0x20007e40   0x200  Data  Gb  os_cfg_app.o [1]
OSCfg_TmrTaskStkBasePtr
                        0x0800799c     0x4  Data  Gb  os_cfg_app.o [1]
OSCfg_TmrTaskStkLimit   0x080079a0     0x4  Data  Gb  os_cfg_app.o [1]
OSCfg_TmrTaskStkSize    0x080079a4     0x4  Data  Gb  os_cfg_app.o [1]
OSCfg_TmrTaskStkSizeRAM
                        0x080079a8     0x4  Data  Gb  os_cfg_app.o [1]
OSCfg_TmrWheel          0x20008948    0x88  Data  Gb  os_cfg_app.o [1]
OSCfg_TmrWheelSize      0x08006596     0x2  Data  Gb  os_cfg_app.o [1]
OSCfg_TmrWheelSizeRAM   0x080079ac     0x4  Data  Gb  os_cfg_app.o [1]
OSDbg_AppHooksEn        0x080079e7     0x1  Data  Gb  os_dbg.o [1]
OSDbg_ArgChkEn          0x080079e6     0x1  Data  Gb  os_dbg.o [1]
OSDbg_CalledFromISRChkEn
                        0x080079e8     0x1  Data  Gb  os_dbg.o [1]
OSDbg_DataSize          0x080079bc     0x4  Data  Gb  os_dbg.o [1]
OSDbg_DbgEn             0x080079e5     0x1  Data  Gb  os_dbg.o [1]
OSDbg_EndiannessTest    0x080079b4     0x4  Data  Gb  os_dbg.o [1]
OSDbg_FlagDelEn         0x080079ea     0x1  Data  Gb  os_dbg.o [1]
OSDbg_FlagEn            0x080079e9     0x1  Data  Gb  os_dbg.o [1]
OSDbg_FlagGrp           0x08007718    0x28  Data  Gb  os_dbg.o [1]
OSDbg_FlagGrpSize       0x080066de     0x2  Data  Gb  os_dbg.o [1]
OSDbg_FlagModeClrEn     0x080079eb     0x1  Data  Gb  os_dbg.o [1]
OSDbg_FlagPendAbortEn   0x080079ec     0x1  Data  Gb  os_dbg.o [1]
OSDbg_FlagWidth         0x080067c6     0x2  Data  Gb  os_dbg.o [1]
OSDbg_ISRPostDeferredEn
                        0x080079ed     0x1  Data  Gb  os_dbg.o [1]
OSDbg_IntQ              0x080067f6     0x2  Data  Gb  os_dbg.o [1]
OSDbg_Mem               0x080077e4    0x20  Data  Gb  os_dbg.o [1]
OSDbg_MemEn             0x080079ee     0x1  Data  Gb  os_dbg.o [1]
OSDbg_MemSize           0x08006cae     0x2  Data  Gb  os_dbg.o [1]
OSDbg_MsgEn             0x080079ef     0x1  Data  Gb  os_dbg.o [1]
OSDbg_MsgPoolSize       0x08007302     0x2  Data  Gb  os_dbg.o [1]
OSDbg_MsgQSize          0x08007842     0x2  Data  Gb  os_dbg.o [1]
OSDbg_MsgSize           0x08006f16     0x2  Data  Gb  os_dbg.o [1]
OSDbg_Mutex             0x080076ec    0x2c  Data  Gb  os_dbg.o [1]
OSDbg_MutexDelEn        0x080079f1     0x1  Data  Gb  os_dbg.o [1]
OSDbg_MutexEn           0x080079f0     0x1  Data  Gb  os_dbg.o [1]
OSDbg_MutexPendAbortEn  0x080079f2     0x1  Data  Gb  os_dbg.o [1]
OSDbg_MutexSize         0x0800784e     0x2  Data  Gb  os_dbg.o [1]
OSDbg_ObjTypeChkEn      0x080079f3     0x1  Data  Gb  os_dbg.o [1]
OSDbg_PendDataSize      0x080079c4     0x2  Data  Gb  os_dbg.o [1]
OSDbg_PendListSize      0x080079c6     0x2  Data  Gb  os_dbg.o [1]
OSDbg_PendMultiEn       0x080079f4     0x1  Data  Gb  os_dbg.o [1]
OSDbg_PendObjSize       0x080079c8     0x2  Data  Gb  os_dbg.o [1]
OSDbg_PrioMax           0x080079ca     0x2  Data  Gb  os_dbg.o [1]
OSDbg_PrioTblSize       0x080079cc     0x2  Data  Gb  os_dbg.o [1]
OSDbg_PtrSize           0x080079ce     0x2  Data  Gb  os_dbg.o [1]
OSDbg_Q                 0x080076bc    0x30  Data  Gb  os_dbg.o [1]
OSDbg_QDelEn            0x080079f6     0x1  Data  Gb  os_dbg.o [1]
OSDbg_QEn               0x080079f5     0x1  Data  Gb  os_dbg.o [1]
OSDbg_QFlushEn          0x080079f7     0x1  Data  Gb  os_dbg.o [1]
OSDbg_QPendAbortEn      0x080079f8     0x1  Data  Gb  os_dbg.o [1]
OSDbg_QSize             0x080079d0     0x2  Data  Gb  os_dbg.o [1]
OSDbg_RdyList           0x080079d4     0x2  Data  Gb  os_dbg.o [1]
OSDbg_RdyListSize       0x080079b8     0x4  Data  Gb  os_dbg.o [1]
OSDbg_SchedRoundRobinEn
                        0x080079f9     0x1  Data  Gb  os_dbg.o [1]
OSDbg_Sem               0x08007740    0x28  Data  Gb  os_dbg.o [1]
OSDbg_SemDelEn          0x080079fb     0x1  Data  Gb  os_dbg.o [1]
OSDbg_SemEn             0x080079fa     0x1  Data  Gb  os_dbg.o [1]
OSDbg_SemPendAbortEn    0x080079fc     0x1  Data  Gb  os_dbg.o [1]
OSDbg_SemSetEn          0x080079fd     0x1  Data  Gb  os_dbg.o [1]
OSDbg_SemSize           0x080079d2     0x2  Data  Gb  os_dbg.o [1]
OSDbg_StatTaskEn        0x080079ff     0x1  Data  Gb  os_dbg.o [1]
OSDbg_StatTaskStkChkEn  0x08007a00     0x1  Data  Gb  os_dbg.o [1]
OSDbg_StkWidth          0x080079fe     0x1  Data  Gb  os_dbg.o [1]
OSDbg_TCBSize           0x080079d8     0x2  Data  Gb  os_dbg.o [1]
OSDbg_TaskChangePrioEn  0x08007a01     0x1  Data  Gb  os_dbg.o [1]
OSDbg_TaskDelEn         0x08007a02     0x1  Data  Gb  os_dbg.o [1]
OSDbg_TaskProfileEn     0x08007a05     0x1  Data  Gb  os_dbg.o [1]
OSDbg_TaskQEn           0x08007a03     0x1  Data  Gb  os_dbg.o [1]
OSDbg_TaskQPendAbortEn  0x08007a04     0x1  Data  Gb  os_dbg.o [1]
OSDbg_TaskRegTblSize    0x080079d6     0x2  Data  Gb  os_dbg.o [1]
OSDbg_TaskSemPendAbortEn
                        0x08007a06     0x1  Data  Gb  os_dbg.o [1]
OSDbg_TaskSuspendEn     0x08007a07     0x1  Data  Gb  os_dbg.o [1]
OSDbg_TickSpokeSize     0x080079da     0x2  Data  Gb  os_dbg.o [1]
OSDbg_TimeDlyHMSMEn     0x08007a08     0x1  Data  Gb  os_dbg.o [1]
OSDbg_TimeDlyResumeEn   0x08007a09     0x1  Data  Gb  os_dbg.o [1]
OSDbg_Tmr               0x08007688    0x34  Data  Gb  os_dbg.o [1]
OSDbg_TmrDelEn          0x08007a0b     0x1  Data  Gb  os_dbg.o [1]
OSDbg_TmrEn             0x08007a0a     0x1  Data  Gb  os_dbg.o [1]
OSDbg_TmrSize           0x080079dc     0x2  Data  Gb  os_dbg.o [1]
OSDbg_TmrSpokeSize      0x080079de     0x2  Data  Gb  os_dbg.o [1]
OSDbg_VersionNbr        0x080079e0     0x2  Data  Gb  os_dbg.o [1]
OSFlagDbgListPtr        0x20008b04     0x4  Data  Gb  os_var.o [1]
OSFlagQty               0x20008b6e     0x2  Data  Gb  os_var.o [1]
OSIdleTaskCtr           0x20008af0     0x4  Data  Gb  os_var.o [1]
OSIdleTaskHook          0x0800127d    0x12  Code  Gb  os_cpu_c.o [1]
OSIdleTaskTCB           0x200084d8    0xc8  Data  Gb  os_var.o [1]
OSInit                  0x080018d5   0x188  Code  Gb  os_core.o [1]
OSInitHook              0x0800128f    0x14  Code  Gb  os_cpu_c.o [1]
OSIntDisTimeMax         0x20008af4     0x4  Data  Gb  os_var.o [1]
OSIntEnter              0x08001a5d    0x24  Code  Gb  os_core.o [1]
OSIntExit               0x08001a81    0xc8  Code  Gb  os_core.o [1]
OSIntNestingCtr         0x20008b7f     0x1  Data  Gb  os_var.o [1]
OSIntQInPtr             0x20008af8     0x4  Data  Gb  os_var.o [1]
OSIntQNbrEntries        0x20008b68     0x2  Data  Gb  os_var.o [1]
OSIntQNbrEntriesMax     0x20008b6a     0x2  Data  Gb  os_var.o [1]
OSIntQOutPtr            0x20008afc     0x4  Data  Gb  os_var.o [1]
OSIntQOvfCtr            0x20008b6c     0x2  Data  Gb  os_var.o [1]
OSIntQTaskTCB           0x200085a0    0xc8  Data  Gb  os_var.o [1]
OSIntQTaskTimeMax       0x20008b00     0x4  Data  Gb  os_var.o [1]
OSMemDbgListPtr         0x20008b08     0x4  Data  Gb  os_var.o [1]
OSMemQty                0x20008b70     0x2  Data  Gb  os_var.o [1]
OSMsgPool               0x20008aa0     0xc  Data  Gb  os_var.o [1]
OSMutexDbgListPtr       0x20008b0c     0x4  Data  Gb  os_var.o [1]
OSMutexQty              0x20008b72     0x2  Data  Gb  os_var.o [1]
OSPrioCur               0x20008b81     0x1  Data  Gb  os_var.o [1]
OSPrioHighRdy           0x20008b82     0x1  Data  Gb  os_var.o [1]
OSPrioSaved             0x20008b83     0x1  Data  Gb  os_var.o [1]
OSPrioTbl               0x20008ad0     0x4  Data  Gb  os_prio.o [1]
OSQDbgListPtr           0x20008b10     0x4  Data  Gb  os_var.o [1]
OSQQty                  0x20008b74     0x2  Data  Gb  os_var.o [1]
OSRdyList               0x20008040   0x180  Data  Gb  os_var.o [1]
OSRunning               0x20008b80     0x1  Data  Gb  os_var.o [1]
OSSched                 0x08001b49    0x8e  Code  Gb  os_core.o [1]
OSSchedLock             0x08001bd7    0x68  Code  Gb  os_core.o [1]
OSSchedLockNestingCtr   0x20008b84     0x1  Data  Gb  os_var.o [1]
OSSchedLockTimeBegin    0x20008b14     0x4  Data  Gb  os_var.o [1]
OSSchedLockTimeMax      0x20008b18     0x4  Data  Gb  os_var.o [1]
OSSchedLockTimeMaxCur   0x20008b1c     0x4  Data  Gb  os_var.o [1]
OSSchedRoundRobinDfltTimeQuanta
                        0x20008b20     0x4  Data  Gb  os_var.o [1]
OSSchedRoundRobinEn     0x20008b85     0x1  Data  Gb  os_var.o [1]
OSSchedUnlock           0x08001c3f    0x88  Code  Gb  os_core.o [1]
OSSemCreate             0x08003ab1    0xc0  Code  Gb  os_sem.o [1]
OSSemDbgListPtr         0x20008b24     0x4  Data  Gb  os_var.o [1]
OSSemPend               0x08003b71   0x1f8  Code  Gb  os_sem.o [1]
OSSemPost               0x08003d69    0x96  Code  Gb  os_sem.o [1]
OSSemQty                0x20008b76     0x2  Data  Gb  os_var.o [1]
OSStart                 0x08001cc7    0x64  Code  Gb  os_core.o [1]
OSStartHighRdy          0x08004c4d          Code  Gb  os_cpu_a.o [1]
OSStatReset             0x08003f61   0x138  Code  Gb  os_stat.o [1]
OSStatResetFlag         0x20008b86     0x1  Data  Gb  os_var.o [1]
OSStatTaskCPUUsage      0x20008b78     0x2  Data  Gb  os_var.o [1]
OSStatTaskCPUUsageInit  0x08004099    0xea  Code  Gb  os_stat.o [1]
OSStatTaskCPUUsageMax   0x20008b7a     0x2  Data  Gb  os_var.o [1]
OSStatTaskCtr           0x20008b28     0x4  Data  Gb  os_var.o [1]
OSStatTaskCtrMax        0x20008b2c     0x4  Data  Gb  os_var.o [1]
OSStatTaskCtrRun        0x20008b30     0x4  Data  Gb  os_var.o [1]
OSStatTaskHook          0x080012a3    0x12  Code  Gb  os_cpu_c.o [1]
OSStatTaskRdy           0x20008b87     0x1  Data  Gb  os_var.o [1]
OSStatTaskTCB           0x20008668    0xc8  Data  Gb  os_var.o [1]
OSStatTaskTimeMax       0x20008b34     0x4  Data  Gb  os_var.o [1]
OSTCBCurPtr             0x20008b5c     0x4  Data  Gb  os_var.o [1]
OSTCBHighRdyPtr         0x20008b60     0x4  Data  Gb  os_var.o [1]
OSTaskCreate            0x08000151   0x25e  Code  Gb  os_task.o [1]
OSTaskCreateHook        0x080012b5    0x16  Code  Gb  os_cpu_c.o [1]
OSTaskCtxSwCtr          0x20008b38     0x4  Data  Gb  os_var.o [1]
OSTaskDbgListPtr        0x20008b3c     0x4  Data  Gb  os_var.o [1]
OSTaskDel               0x080003af   0x1ae  Code  Gb  os_task.o [1]
OSTaskDelHook           0x080012cb    0x16  Code  Gb  os_cpu_c.o [1]
OSTaskQty               0x20008b7c     0x2  Data  Gb  os_var.o [1]
OSTaskRegNextAvailID    0x20008b88     0x1  Data  Gb  os_var.o [1]
OSTaskResume            0x0800055d    0x6a  Code  Gb  os_task.o [1]
OSTaskReturnHook        0x080012e1    0x16  Code  Gb  os_cpu_c.o [1]
OSTaskSemPend           0x080005d1   0x22a  Code  Gb  os_task.o [1]
OSTaskStkChk            0x0800081d    0xca  Code  Gb  os_task.o [1]
OSTaskStkInit           0x080012f7    0x82  Code  Gb  os_cpu_c.o [1]
OSTaskSuspend           0x080008e7    0x5c  Code  Gb  os_task.o [1]
OSTaskSwHook            0x08001379    0x94  Code  Gb  os_cpu_c.o [1]
OSTickCtr               0x20008b40     0x4  Data  Gb  os_var.o [1]
OSTickTaskTCB           0x20008730    0xc8  Data  Gb  os_var.o [1]
OSTickTaskTimeMax       0x20008b44     0x4  Data  Gb  os_var.o [1]
OSTimeDly               0x08003195   0x124  Code  Gb  os_time.o [1]
OSTimeDlyHMSM           0x080032b9   0x23c  Code  Gb  os_time.o [1]
OSTimeTick              0x080034f5    0x36  Code  Gb  os_time.o [1]
OSTimeTickHook          0x0800140d    0x12  Code  Gb  os_cpu_c.o [1]
OSTmrDbgListPtr         0x20008b48     0x4  Data  Gb  os_var.o [1]
OSTmrTaskTCB            0x200087f8    0xc8  Data  Gb  os_var.o [1]
OSTmrTaskTimeMax        0x20008b4c     0x4  Data  Gb  os_var.o [1]
OSTmrTickCtr            0x20008b50     0x4  Data  Gb  os_var.o [1]
OSTmrUpdateCnt          0x20008b54     0x4  Data  Gb  os_var.o [1]
OSTmrUpdateCtr          0x20008b58     0x4  Data  Gb  os_var.o [1]
OS_AppIdleTaskHookPtr   0x20008ae0     0x4  Data  Gb  os_var.o [1]
OS_AppStatTaskHookPtr   0x20008ae4     0x4  Data  Gb  os_var.o [1]
OS_AppTaskCreateHookPtr
                        0x20008ad4     0x4  Data  Gb  os_var.o [1]
OS_AppTaskDelHookPtr    0x20008ad8     0x4  Data  Gb  os_var.o [1]
OS_AppTaskReturnHookPtr
                        0x20008adc     0x4  Data  Gb  os_var.o [1]
OS_AppTaskSwHookPtr     0x20008ae8     0x4  Data  Gb  os_var.o [1]
OS_AppTimeTickHookPtr   0x20008aec     0x4  Data  Gb  os_var.o [1]
OS_CPU_ExceptStkBase    0x20008acc     0x4  Data  Gb  os_cpu_c.o [1]
OS_CPU_PendSVHandler    0x08004c6b          Code  Gb  os_cpu_a.o [1]
OS_CPU_SysTickHandler   0x0800141f    0x2c  Code  Gb  os_cpu_c.o [1]
OS_CPU_SysTickInit      0x0800144b    0x2e  Code  Gb  os_cpu_c.o [1]
OS_Dbg_Init             0x08004919   0x23c  Code  Gb  os_dbg.o [1]
OS_FlagInit             0x08003645    0x12  Code  Gb  os_flag.o [1]
OS_FlagPost             0x0800365d   0x22e  Code  Gb  os_flag.o [1]
OS_FlagTaskRdy          0x08003899    0x5a  Code  Gb  os_flag.o [1]
OS_IdleTask             0x08001d2b    0x3c  Code  Gb  os_core.o [1]
OS_IdleTaskInit         0x08001d67    0x52  Code  Gb  os_core.o [1]
OS_IntQPost             0x08002afd   0x10e  Code  Gb  os_int.o [1]
OS_IntQRePost           0x08002c0b   0x152  Code  Gb  os_int.o [1]
OS_IntQTask             0x08002d5d    0xa2  Code  Gb  os_int.o [1]
OS_IntQTaskInit         0x08002dff    0xe6  Code  Gb  os_int.o [1]
OS_MemInit              0x08003901    0x12  Code  Gb  os_mem.o [1]
OS_MsgPoolInit          0x080014c1    0x8e  Code  Gb  os_msg.o [1]
OS_MsgQFreeAll          0x0800154f    0x4c  Code  Gb  os_msg.o [1]
OS_MsgQInit             0x0800159b    0x14  Code  Gb  os_msg.o [1]
OS_MsgQPut              0x080015af   0x10a  Code  Gb  os_msg.o [1]
OS_MutexInit            0x0800391d    0x12  Code  Gb  os_mutex.o [1]
OS_Pend                 0x08001db9    0x76  Code  Gb  os_core.o [1]
OS_PendDataInit         0x08001e2f    0x36  Code  Gb  os_core.o [1]
OS_PendDbgNameAdd       0x08001e65    0x4c  Code  Gb  os_core.o [1]
OS_PendDbgNameRemove    0x08001eb1    0x28  Code  Gb  os_core.o [1]
OS_PendListInit         0x08001ee1     0xe  Code  Gb  os_core.o [1]
OS_PendListInsertPrio   0x08001eef    0x7a  Code  Gb  os_core.o [1]
OS_PendListRemove       0x08001f69    0x38  Code  Gb  os_core.o [1]
OS_PendListRemove1      0x08001fa1    0x54  Code  Gb  os_core.o [1]
OS_Post                 0x08001ff5    0xdc  Code  Gb  os_core.o [1]
OS_Post1                0x080020d1    0x2c  Code  Gb  os_core.o [1]
OS_PrioGetHighest       0x080024ef    0x26  Code  Gb  os_prio.o [1]
OS_PrioInit             0x080024d9    0x16  Code  Gb  os_prio.o [1]
OS_PrioInsert           0x08002515    0x30  Code  Gb  os_prio.o [1]
OS_PrioRemove           0x08002545    0x30  Code  Gb  os_prio.o [1]
OS_QInit                0x08003939    0x12  Code  Gb  os_q.o [1]
OS_QPost                0x0800394b   0x154  Code  Gb  os_q.o [1]
OS_RdyListInit          0x080020fd    0x28  Code  Gb  os_core.o [1]
OS_RdyListInsert        0x08002125    0x28  Code  Gb  os_core.o [1]
OS_RdyListInsertHead    0x0800215d    0x42  Code  Gb  os_core.o [1]
OS_RdyListInsertTail    0x080021b9    0x40  Code  Gb  os_core.o [1]
OS_RdyListMoveHeadToTail
                        0x08002229    0x4a  Code  Gb  os_core.o [1]
OS_RdyListRemove        0x08002273    0x62  Code  Gb  os_core.o [1]
OS_Sched0               0x080022d9    0x42  Code  Gb  os_core.o [1]
OS_SchedLockTimeMeasStart
                        0x0800231b    0x14  Code  Gb  os_core.o [1]
OS_SchedLockTimeMeasStop
                        0x0800232f    0x30  Code  Gb  os_core.o [1]
OS_SchedRoundRobin      0x08002369    0xaa  Code  Gb  os_core.o [1]
OS_SemDbgListAdd        0x08003dff    0x28  Code  Gb  os_sem.o [1]
OS_SemInit              0x08003e27    0x12  Code  Gb  os_sem.o [1]
OS_SemPost              0x08003e39   0x10a  Code  Gb  os_sem.o [1]
OS_StatTask             0x08004183   0x33c  Code  Gb  os_stat.o [1]
OS_StatTaskInit         0x080044bf    0x92  Code  Gb  os_stat.o [1]
OS_TaskBlock            0x08002469    0x3c  Code  Gb  os_core.o [1]
OS_TaskDbgListAdd       0x08000943    0x34  Code  Gb  os_task.o [1]
OS_TaskDbgListRemove    0x08000977    0x50  Code  Gb  os_task.o [1]
OS_TaskInit             0x080009c7    0x1e  Code  Gb  os_task.o [1]
OS_TaskInitTCB          0x080009e7   0x128  Code  Gb  os_task.o [1]
OS_TaskQPost            0x08000b0f   0x214  Code  Gb  os_task.o [1]
OS_TaskRdy              0x080024a5    0x1a  Code  Gb  os_core.o [1]
OS_TaskResume           0x08000d23   0x13e  Code  Gb  os_task.o [1]
OS_TaskReturn           0x08000e69    0x16  Code  Gb  os_task.o [1]
OS_TaskSemPost          0x08000e89   0x292  Code  Gb  os_task.o [1]
OS_TaskSuspend          0x08001121   0x132  Code  Gb  os_task.o [1]
OS_TickListInit         0x0800263f    0x2e  Code  Gb  os_tick.o [1]
OS_TickListInsert       0x0800266d   0x1e8  Code  Gb  os_tick.o [1]
OS_TickListRemove       0x08002855    0x4e  Code  Gb  os_tick.o [1]
OS_TickListResetPeak    0x080028a3    0x22  Code  Gb  os_tick.o [1]
OS_TickListUpdate       0x080028c5   0x1f8  Code  Gb  os_tick.o [1]
OS_TickTask             0x08002579    0x28  Code  Gb  os_tick.o [1]
OS_TickTaskInit         0x080025a1    0x9e  Code  Gb  os_tick.o [1]
OS_TmrInit              0x080045d9    0xe0  Code  Gb  os_tmr.o [1]
OS_TmrLink              0x080046b9    0xdc  Code  Gb  os_tmr.o [1]
OS_TmrResetPeak         0x08004795    0x22  Code  Gb  os_tmr.o [1]
OS_TmrTask              0x08004811    0xc8  Code  Gb  os_tmr.o [1]
OS_TmrUnlink            0x080047b7    0x5a  Code  Gb  os_tmr.o [1]
RCC_ADCCLKConfig        0x080051d7    0x18  Code  Gb  stm32f10x_rcc.o [1]
RCC_APB2PeriphClockCmd  0x0800538b    0x1e  Code  Gb  stm32f10x_rcc.o [1]
RCC_DeInit              0x08004fd5    0x5e  Code  Gb  stm32f10x_rcc.o [1]
RCC_GetClocksFreq       0x080051f7   0x194  Code  Gb  stm32f10x_rcc.o [1]
RCC_GetFlagStatus       0x080053a9    0x52  Code  Gb  stm32f10x_rcc.o [1]
RCC_GetSYSCLKSource     0x08005181     0xc  Code  Gb  stm32f10x_rcc.o [1]
RCC_HCLKConfig          0x0800518d    0x18  Code  Gb  stm32f10x_rcc.o [1]
RCC_HSEConfig           0x08005033    0x56  Code  Gb  stm32f10x_rcc.o [1]
RCC_OTGFSCLKConfig      0x080051ef     0x8  Code  Gb  stm32f10x_rcc.o [1]
RCC_PCLK1Config         0x080051a5    0x18  Code  Gb  stm32f10x_rcc.o [1]
RCC_PCLK2Config         0x080051bd    0x1a  Code  Gb  stm32f10x_rcc.o [1]
RCC_PLL1Cmd             0x0800511b     0xa  Code  Gb  stm32f10x_rcc.o [1]
RCC_PLL1Config          0x080050ff    0x1c  Code  Gb  stm32f10x_rcc.o [1]
RCC_PLL2Cmd             0x0800513d     0xa  Code  Gb  stm32f10x_rcc.o [1]
RCC_PLL2Config          0x08005125    0x18  Code  Gb  stm32f10x_rcc.o [1]
RCC_PLL3Cmd             0x0800515f     0xa  Code  Gb  stm32f10x_rcc.o [1]
RCC_PLL3Config          0x08005147    0x18  Code  Gb  stm32f10x_rcc.o [1]
RCC_PREDIV1Config       0x080050c9    0x1e  Code  Gb  stm32f10x_rcc.o [1]
RCC_PREDIV2Config       0x080050e7    0x18  Code  Gb  stm32f10x_rcc.o [1]
RCC_SYSCLKConfig        0x08005169    0x18  Code  Gb  stm32f10x_rcc.o [1]
RCC_WaitForHSEStartUp   0x08005089    0x40  Code  Gb  stm32f10x_rcc.o [1]
Region$$Table$$Base     0x080077b4           --   Gb  - Linker created -
Region$$Table$$Limit    0x080077c4           --   Gb  - Linker created -
USART_ClearFlag         0x0800750f     0x8  Code  Gb  stm32f10x_usart.o [1]
USART_ClearITPendingBit
                        0x08007517    0x1e  Code  Gb  stm32f10x_usart.o [1]
USART_ClockInit         0x08007459    0x24  Code  Gb  stm32f10x_usart.o [1]
USART_Cmd               0x0800747d    0x1c  Code  Gb  stm32f10x_usart.o [1]
USART_GetFlagStatus     0x080074f7    0x18  Code  Gb  stm32f10x_usart.o [1]
USART_ITConfig          0x08007499    0x4e  Code  Gb  stm32f10x_usart.o [1]
USART_Init              0x08007395    0xc0  Code  Gb  stm32f10x_usart.o [1]
USART_ReceiveData       0x080074ef     0x8  Code  Gb  stm32f10x_usart.o [1]
USART_SendData          0x080074e7     0x8  Code  Gb  stm32f10x_usart.o [1]
_GenldFull              0x0800629b   0x262  Code  Lc  xprintffull.o [3]
_LdtobFull              0x08005e99   0x3fc  Code  Lc  xprintffull.o [3]
_LitobFull              0x08005d93   0x106  Code  Lc  xprintffull.o [3]
_PrintfFull             0x08005799   0x586  Code  Gb  xprintffull.o [3]
_PutcharsFull           0x080064fd    0x2e  Code  Lc  xprintffull.o [3]
_SNProut                0x080024bf    0x1a  Code  Gb  xsnprout.o [3]
__aeabi_cdcmple         0x08006799          Code  Gb  DblCmpLe.o [4]
__aeabi_cdrcmple        0x080067c9          Code  Gb  DblCmpGe.o [4]
__aeabi_d2iz            0x08006905          Code  Gb  DblToI32.o [4]
__aeabi_d2uiz           0x08006931          Code  Gb  DblToI32.o [4]
__aeabi_ddiv            0x08006cb1          Code  Gb  DblDiv.o [4]
__aeabi_dmul            0x08006b0d          Code  Gb  DblMul.o [4]
__aeabi_dsub            0x0800698d          Code  Gb  DblSub.o [4]
__aeabi_i2d             0x0800695d          Code  Gb  I32ToDbl.o [4]
__aeabi_ldiv0           0x08006f15          Code  Gb  I64DivZer.o [5]
__aeabi_ui2d            0x08006971          Code  Gb  I32ToDbl.o [4]
__aeabi_uldivmod        0x080065f1          Code  Gb  I64DivMod.o [5]
__cmain                 0x08007821          Code  Gb  cmain.o [5]
__exit                  0x08007851    0x14  Code  Gb  exit.o [6]
__iar_Dnorm             0x08006757    0x42  Code  Gb  xdnorm.o [4]
__iar_Dscale            0x080067f9   0x10c  Code  Gb  xdscale.o [4]
__iar_Memchr            0x08006599          Code  Gb  memchr.o [5]
__iar_Strchr            0x08006549          Code  Gb  strchr.o [5]
__iar_d2uiz             0x0800693d          Code  Gb  DblToI32.o [4]
__iar_dadd              0x08006f19          Code  Gb  DblAdd.o [4]
__iar_data_init3        0x08007769    0x28  Code  Gb  data_init.o [5]
__iar_dsub              0x080069a1          Code  Gb  DblSub.o [4]
__iar_dsubStart         0x080069b3          Code  Gb  DblSub.o [4]
__iar_program_start     0x08007911          Code  Gb  cstartup_M.o [5]
__iar_ui2d              0x08006975          Code  Gb  I32ToDbl.o [4]
__iar_unaligned___aeabi_memcpy
                        0x080066e1          Code  Gb  ABImemcpy_unaligned.o [5]
__iar_unaligned___aeabi_memcpy4
                        0x08006701          Code  Gb  ABImemcpy_unaligned.o [5]
__iar_unaligned___aeabi_memcpy8
                        0x08006701          Code  Gb  ABImemcpy_unaligned.o [5]
__iar_zero_init3        0x08007649    0x40  Code  Gb  zero_init3.o [5]
__low_level_init        0x0800783b     0x4  Code  Gb  low_level_init.o [3]
__vector_table          0x08000000   0x150  Data  Gb  cstartup.o [1]
_call_main              0x0800782d          Code  Gb  cmain.o [5]
_exit                   0x08007845          Code  Gb  cexit.o [5]
_main                   0x08007837          Code  Gb  cmain.o [5]
div                     0x08006f07     0xe  Code  Gb  div.o [3]
exit                    0x0800783f     0x4  Code  Gb  exit.o [3]
main                    0x08007571    0x4c  Code  Gb  app.o [1]
memchr                  0x08006599          Code  Gb  memchr.o [5]
strchr                  0x08006549          Code  Gb  strchr.o [5]
strlen                  0x08006561          Code  Gb  strlen.o [5]
vsnprintf               0x08007535    0x3c  Code  Gb  vsnprint.o [3]


[1] = F:\iar\001 backup\Micrium_uC-Eval-STM32F107_uCOS-III\Micrium\Software\EvalBoards\Micrium\uC-Eval-STM32F107\uCOS-III\IAR\Flash\Obj
[2] = command line
[3] = dl7M_tln.a
[4] = m7M_tl.a
[5] = rt7M_tl.a
[6] = shb_l.a

  30 104 bytes of readonly  code memory
   1 140 bytes of readonly  data memory
  36 233 bytes of readwrite data memory

Errors: none
Warnings: none
